krang_comparison_krang()
krang a=0.1, θ=20°, 128px: 0.022348 seconds (65 allocations: 5.002 MiB)
krang a=0.7, θ=20°, 128px: 0.024568 seconds (65 allocations: 5.002 MiB)
krang a=0.98, θ=20°, 128px: 0.023933 seconds (65 allocations: 5.002 MiB)
krang a=0.1, θ=55°, 128px: 0.038197 seconds (65 allocations: 5.002 MiB)
krang a=0.7, θ=55°, 128px: 0.025169 seconds (65 allocations: 5.002 MiB)
krang a=0.98, θ=55°, 128px: 0.028872 seconds (65 allocations: 5.002 MiB)
krang a=0.1, θ=80°, 128px: 0.027056 seconds (65 allocations: 5.002 MiB)
krang a=0.7, θ=80°, 128px: 0.025371 seconds (65 allocations: 5.002 MiB)
krang a=0.98, θ=80°, 128px: 0.025596 seconds (65 allocations: 5.002 MiB)
krang_comparison_camerakerrGRcached()
camerakerrGRcached a=0.1, θ=20°, 128px: 1.166069 seconds (703.41 k allocations: 104.453 MiB, 2.16% gc time)
camerakerrGRcached a=0.7, θ=20°, 128px: 1.181503 seconds (704.65 k allocations: 104.487 MiB, 1.84% gc time)
camerakerrGRcached a=0.98, θ=20°, 128px: 1.099600 seconds (706.22 k allocations: 104.775 MiB)
camerakerrGRcached a=0.1, θ=55°, 128px: 1.190539 seconds (703.46 k allocations: 104.163 MiB, 1.60% gc time)
camerakerrGRcached a=0.7, θ=55°, 128px: 1.232927 seconds (705.89 k allocations: 104.525 MiB, 2.17% gc time)
camerakerrGRcached a=0.98, θ=55°, 128px: 1.118513 seconds (706.81 k allocations: 104.672 MiB)
camerakerrGRcached a=0.1, θ=80°, 128px: 1.199339 seconds (703.30 k allocations: 103.961 MiB, 1.71% gc time)
camerakerrGRcached a=0.7, θ=80°, 128px: 1.197510 seconds (705.62 k allocations: 104.341 MiB, 1.70% gc time)
camerakerrGRcached a=0.98, θ=80°, 128px: 1.222059 seconds (706.54 k allocations: 104.490 MiB, 1.88% gc time)
Krang a=0.1, θ=20°, 128px: 0.023613 seconds (65 allocations: 5.002 MiB)
Krang a=0.7, θ=20°, 128px: 0.023371 seconds (65 allocations: 5.002 MiB)
Krang a=0.98, θ=20°, 128px: 0.046888 seconds (65 allocations: 5.002 MiB, 53.85% gc time)
Krang a=0.1, θ=55°, 128px: 0.024917 seconds (65 allocations: 5.002 MiB)
Krang a=0.7, θ=55°, 128px: 0.022883 seconds (65 allocations: 5.002 MiB)
Krang a=0.98, θ=55°, 128px: 0.022677 seconds (65 allocations: 5.002 MiB)
Krang a=0.1, θ=80°, 128px: 0.024137 seconds (65 allocations: 5.002 MiB)
Krang a=0.7, θ=80°, 128px: 0.023303 seconds (65 allocations: 5.002 MiB)
Krang a=0.98, θ=80°, 128px: 0.023500 seconds (65 allocations: 5.002 MiB)
KerrGRCached a=0.1, θ=20°, 128px: 1.147499 seconds (703.41 k allocations: 104.453 MiB, 2.32% gc time)
KerrGRCached a=0.7, θ=20°, 128px: 1.077674 seconds (704.65 k allocations: 104.487 MiB)
KerrGRCached a=0.98, θ=20°, 128px: 1.077681 seconds (706.22 k allocations: 104.775 MiB)
KerrGRCached a=0.1, θ=55°, 128px: 1.120157 seconds (703.46 k allocations: 104.163 MiB)
KerrGRCached a=0.7, θ=55°, 128px: 1.112527 seconds (705.89 k allocations: 104.525 MiB)
KerrGRCached a=0.98, θ=55°, 128px: 1.071687 seconds (706.81 k allocations: 104.672 MiB)
KerrGRCached a=0.1, θ=80°, 128px: 1.191224 seconds (703.30 k allocations: 103.961 MiB, 3.09% gc time)
KerrGRCached a=0.7, θ=80°, 128px: 1.174946 seconds (705.62 k allocations: 104.341 MiB, 2.18% gc time)
KerrGRCached a=0.98, θ=80°, 128px: 1.179267 seconds (706.54 k allocations: 104.490 MiB, 2.37% gc time)
krang_comparison_krang()
krang a=0.1, θ=20°, 128px: 0.025459 seconds (65 allocations: 5.002 MiB)
krang a=0.7, θ=20°, 128px: 0.021905 seconds (65 allocations: 5.002 MiB)
krang a=0.98, θ=20°, 128px: 0.022522 seconds (65 allocations: 5.002 MiB)
krang a=0.1, θ=55°, 128px: 0.022110 seconds (65 allocations: 5.002 MiB)
krang a=0.7, θ=55°, 128px: 0.022095 seconds (65 allocations: 5.002 MiB)
krang a=0.98, θ=55°, 128px: 0.021452 seconds (65 allocations: 5.002 MiB)
krang a=0.1, θ=80°, 128px: 0.023661 seconds (65 allocations: 5.002 MiB)
krang a=0.7, θ=80°, 128px: 0.024057 seconds (65 allocations: 5.002 MiB)
krang a=0.98, θ=80°, 128px: 0.025535 seconds (65 allocations: 5.002 MiB)
krang_comparison_camerakerrGRcached()
camerakerrGRcached a=0.1, θ=20°, 128px: 1.057129 seconds (703.41 k allocations: 104.453 MiB)
camerakerrGRcached a=0.7, θ=20°, 128px: 2.371136 seconds (704.65 k allocations: 104.487 MiB)
camerakerrGRcached a=0.98, θ=20°, 128px: 1.080534 seconds (706.22 k allocations: 104.775 MiB)
camerakerrGRcached a=0.1, θ=55°, 128px: 1.172240 seconds (703.46 k allocations: 104.163 MiB, 2.67% gc time)
camerakerrGRcached a=0.7, θ=55°, 128px: 1.173833 seconds (705.89 k allocations: 104.525 MiB, 3.29% gc time)
camerakerrGRcached a=0.98, θ=55°, 128px: 1.209620 seconds (706.81 k allocations: 104.672 MiB, 3.38% gc time)
camerakerrGRcached a=0.1, θ=80°, 128px: 1.058683 seconds (703.30 k allocations: 103.961 MiB)
camerakerrGRcached a=0.7, θ=80°, 128px: 1.350220 seconds (705.62 k allocations: 104.341 MiB)
camerakerrGRcached a=0.98, θ=80°, 128px: 1.059810 seconds (706.54 k allocations: 104.490 MiB)
Krang a=0.1, θ=20°, 128px: 0.021331 seconds (65 allocations: 5.002 MiB)
Krang a=0.7, θ=20°, 128px: 0.021342 seconds (65 allocations: 5.002 MiB)
Krang a=0.98, θ=20°, 128px: 0.021738 seconds (65 allocations: 5.002 MiB)
Krang a=0.1, θ=55°, 128px: 0.028921 seconds (65 allocations: 5.002 MiB)
Krang a=0.7, θ=55°, 128px: 0.035804 seconds (65 allocations: 5.002 MiB)
Krang a=0.98, θ=55°, 128px: 0.031488 seconds (65 allocations: 5.002 MiB)
Krang a=0.1, θ=80°, 128px: 0.029591 seconds (65 allocations: 5.002 MiB)
Krang a=0.7, θ=80°, 128px: 0.033101 seconds (65 allocations: 5.002 MiB)
Krang a=0.98, θ=80°, 128px: 0.026355 seconds (65 allocations: 5.002 MiB)
KerrGRCached a=0.1, θ=20°, 128px: 1.100618 seconds (703.41 k allocations: 104.453 MiB)
KerrGRCached a=0.7, θ=20°, 128px: 1.477138 seconds (704.65 k allocations: 104.487 MiB, 4.67% gc time)
KerrGRCached a=0.98, θ=20°, 128px: 1.047547 seconds (706.22 k allocations: 104.775 MiB)
KerrGRCached a=0.1, θ=55°, 128px: 1.219343 seconds (703.46 k allocations: 104.163 MiB)
KerrGRCached a=0.7, θ=55°, 128px: 1.058219 seconds (705.89 k allocations: 104.525 MiB)
KerrGRCached a=0.98, θ=55°, 128px: 1.327168 seconds (706.81 k allocations: 104.672 MiB, 8.73% gc time)
KerrGRCached a=0.1, θ=80°, 128px: 1.093873 seconds (703.30 k allocations: 103.961 MiB)
KerrGRCached a=0.7, θ=80°, 128px: 1.055378 seconds (705.62 k allocations: 104.341 MiB)
KerrGRCached a=0.98, θ=80°, 128px: 1.835011 seconds (706.54 k allocations: 104.490 MiB, 7.03% gc time)
